[polygons.space/neptune/source/templates/admin1/index.html]
[backblue.gif]
[fade.gif]
[index.html]
[polygons.space/neptune/source/assets/plugins/bootstrap/css/bootstrap.min.css]
[polygons.space/neptune/source/assets/plugins/perfectscroll/perfect-scrollbar.css]
[polygons.space/neptune/source/assets/plugins/pace/pace.css]
[polygons.space/neptune/source/assets/css/main.min.css]
[polygons.space/neptune/source/assets/images/neptune.png]
[polygons.space/neptune/source/templates/admin1/index-2.html]
[polygons.space/neptune/source/assets/images/avatars/avatar1.jpg]
[polygons.space/neptune/source/templates/admin1/mailbox.html]
[polygons.space/neptune/source/templates/admin1/file-manager.html]
[polygons.space/neptune/source/templates/admin1/calendar.html]
[polygons.space/neptune/source/templates/admin1/todo.html]
[polygons.space/neptune/source/templates/admin1/pricing.html]
[polygons.space/neptune/source/templates/admin1/invoice.html]
[polygons.space/neptune/source/templates/admin1/settings.html]
[polygons.space/neptune/source/templates/admin1/sign-in.html]
[polygons.space/neptune/source/templates/admin1/sign-up.html]
[polygons.space/neptune/source/templates/admin1/lock-screen.html]
[polygons.space/neptune/source/templates/admin1/error.html]
[polygons.space/neptune/source/templates/admin1/styles-typography.html]
[polygons.space/neptune/source/templates/admin1/styles-code.html]
[polygons.space/neptune/source/templates/admin1/styles-icons.html]
[polygons.space/neptune/source/templates/admin1/tables-basic.html]
[polygons.space/neptune/source/templates/admin1/tables-datatable.html]
[polygons.space/neptune/source/templates/admin1/ui-alerts.html]
[polygons.space/neptune/source/templates/admin1/ui-avatars.html]
[polygons.space/neptune/source/templates/admin1/ui-badge.html]
[polygons.space/neptune/source/templates/admin1/ui-breadcrumbs.html]
[polygons.space/neptune/source/templates/admin1/ui-buttons.html]
[polygons.space/neptune/source/templates/admin1/ui-button-groups.html]
[polygons.space/neptune/source/templates/admin1/ui-collapse.html]
[polygons.space/neptune/source/templates/admin1/ui-dropdown.html]
[polygons.space/neptune/source/templates/admin1/ui-images.html]
[polygons.space/neptune/source/templates/admin1/ui-pagination.html]
[polygons.space/neptune/source/templates/admin1/ui-popovers.html]
[polygons.space/neptune/source/templates/admin1/ui-progress.html]
[polygons.space/neptune/source/templates/admin1/ui-spinners.html]
[polygons.space/neptune/source/templates/admin1/ui-toast.html]
[polygons.space/neptune/source/templates/admin1/ui-tooltips.html]
[polygons.space/neptune/source/templates/admin1/components-accordions.html]
[polygons.space/neptune/source/templates/admin1/components-block-ui.html]
[polygons.space/neptune/source/templates/admin1/components-cards.html]
[polygons.space/neptune/source/templates/admin1/components-carousel.html]
[polygons.space/neptune/source/templates/admin1/components-countdown.html]
[polygons.space/neptune/source/templates/admin1/components-lightbox.html]
[polygons.space/neptune/source/templates/admin1/components-lists.html]
[polygons.space/neptune/source/templates/admin1/components-modals.html]
[polygons.space/neptune/source/templates/admin1/components-tabs.html]
[polygons.space/neptune/source/templates/admin1/components-session-timeout.html]
[polygons.space/neptune/source/templates/admin1/widgets.html]
[polygons.space/neptune/source/templates/admin1/forms-basic.html]
[polygons.space/neptune/source/templates/admin1/forms-input-groups.html]
[polygons.space/neptune/source/templates/admin1/forms-input-masks.html]
[polygons.space/neptune/source/templates/admin1/forms-layouts.html]
[polygons.space/neptune/source/templates/admin1/forms-validation.html]
[polygons.space/neptune/source/templates/admin1/forms-file-upload.html]
[polygons.space/neptune/source/templates/admin1/forms-text-editor.html]
[polygons.space/neptune/source/templates/admin1/forms-datepickers.html]
[polygons.space/neptune/source/templates/admin1/forms-select2.html]
[polygons.space/neptune/source/templates/admin1/charts-apex.html]
[polygons.space/neptune/source/templates/admin1/charts-chartjs.html]
[polygons.space/neptune/source/templates/admin1/content-page-headings.html]
[polygons.space/neptune/source/templates/admin1/content-section-headings.html]
[polygons.space/neptune/source/templates/admin1/content-left-menu.html]
[polygons.space/neptune/source/templates/admin1/content-right-menu.html]
[polygons.space/neptune/source/templates/admin1/content-boxed-content.html]
[polygons.space/neptune/source/templates/admin1/menu-off-canvas.html]
[polygons.space/neptune/source/templates/admin1/menu-standard.html]
[polygons.space/neptune/source/templates/admin1/menu-dark-sidebar.html]
[polygons.space/neptune/source/templates/admin1/menu-hover-menu.html]
[polygons.space/neptune/source/templates/admin1/menu-colored-sidebar.html]
[polygons.space/neptune/source/templates/admin1/header-basic.html]
[polygons.space/neptune/source/templates/admin1/header-full-width.html]
[polygons.space/neptune/source/templates/admin1/header-transparent.html]
[polygons.space/neptune/source/templates/admin1/header-large.html]
[polygons.space/neptune/source/templates/admin1/header-colorful.html]
[polygons.space/neptune/source/assets/images/flags/us.png]
[polygons.space/neptune/source/assets/images/flags/germany.png]
[polygons.space/neptune/source/assets/images/flags/italy.png]
[polygons.space/neptune/source/assets/images/flags/china.png]
[polygons.space/neptune/source/assets/images/avatars/avatar7.jpg]
[polygons.space/neptune/source/assets/images/avatars/avatar2.png]
[polygons.space/neptune/source/assets/images/other/facebook_logo.png]
[polygons.space/neptune/source/assets/images/widgets/popular-product.jpg]
[polygons.space/neptune/source/assets/images/widgets/blog5.jpg]
[polygons.space/neptune/source/assets/images/widgets/product2.jpg]
[polygons.space/neptune/source/assets/images/avatars/avatar8.jpg]
[polygons.space/neptune/source/assets/plugins/jquery/jquery-3.5.1.min.js]
[polygons.space/neptune/source/assets/plugins/bootstrap/js/bootstrap.min.js]
[polygons.space/neptune/source/assets/plugins/perfectscroll/perfect-scrollbar.min.js]
[polygons.space/neptune/source/assets/plugins/pace/pace.min.js]
[polygons.space/neptune/source/assets/js/main.min.js]
[polygons.space/neptune/source/assets/js/custom.js]
[polygons.space/neptune/source/templates/admin1/index.html]
[polygons.space/neptune/source/assets/js/pages/dashboard.js]
[fonts.gstatic.com/index.html]
[polygons.space/neptune/source/assets/plugins/apexcharts/apexcharts.min.js]
[fonts.googleapis.com/css2496c.css]
[fonts.googleapis.com/css2ae21.css]
[fonts.googleapis.com/cssc484.css]
[polygons.space/neptune/source/templates/admin1/index-2.html]
[polygons.space/neptune/source/assets/plugins/summernote/summernote-lite.min.css]
[polygons.space/neptune/source/assets/images/avatars/avatar3.jpg]
[polygons.space/neptune/source/assets/images/avatars/avatar4.png]
[polygons.space/neptune/source/assets/images/avatars/avatar6.jpg]
[polygons.space/neptune/source/assets/images/avatars/avatar9.jpg]
[polygons.space/neptune/source/assets/js/pages/mailbox.js]
[polygons.space/neptune/source/templates/admin1/mailbox.html]
[polygons.space/neptune/source/assets/plugins/highlight/styles/github-gist.css]
[polygons.space/neptune/source/assets/images/icons/dropbox.jpg]
[polygons.space/neptune/source/assets/plugins/summernote/summernote-lite.min.js]
[polygons.space/neptune/source/assets/images/icons/google_drive.png]
[polygons.space/neptune/source/assets/images/icons/onedrive.png]
[polygons.space/neptune/source/assets/plugins/bootstrap/js/popper.min.js]
[polygons.space/neptune/source/templates/admin1/file-manager.html]
[polygons.space/neptune/source/assets/plugins/fullcalendar/lib/main.min.css]
[polygons.space/neptune/source/assets/plugins/highlight/highlight.pack.js]
[polygons.space/neptune/source/assets/js/pages/calendar.js]
[polygons.space/neptune/source/templates/admin1/calendar.html]
[polygons.space/neptune/source/templates/admin1/todo.html]
[polygons.space/neptune/source/templates/admin1/pricing.html]
[polygons.space/neptune/source/templates/admin1/invoice.html]
[polygons.space/neptune/source/assets/plugins/select2/css/select2.min.css]
[polygons.space/neptune/source/assets/images/icons/jira_software.png]
[polygons.space/neptune/source/assets/images/icons/confluence.png]
[polygons.space/neptune/source/assets/images/icons/bitbucket.png]
[polygons.space/neptune/source/assets/plugins/fullcalendar/lib/main.min.js]
[polygons.space/neptune/source/assets/images/icons/sourcetree.png]
[polygons.space/neptune/source/assets/js/pages/settings.js]
[polygons.space/neptune/source/templates/admin1/settings.html]
[polygons.space/neptune/source/templates/admin1/sign-in.html]
[polygons.space/neptune/source/templates/admin1/sign-up.html]
[polygons.space/neptune/source/templates/admin1/lock-screen.html]
[polygons.space/neptune/source/templates/admin1/error.html]
[polygons.space/neptune/source/templates/admin1/styles-typography.html]
[polygons.space/neptune/source/templates/admin1/styles-code.html]
[polygons.space/neptune/source/templates/admin1/styles-icons.html]
[polygons.space/neptune/source/assets/plugins/select2/js/select2.full.min.js]
[polygons.space/neptune/source/templates/admin1/tables-basic.html]
[polygons.space/neptune/source/assets/plugins/datatables/datatables.min.css]
[polygons.space/neptune/source/assets/js/pages/datatables.js]
[polygons.space/neptune/source/templates/admin1/tables-datatable.html]
[polygons.space/neptune/source/assets/plugins/datatables/datatables.min.js]
[polygons.space/neptune/source/templates/admin1/ui-alerts.html]
[polygons.space/neptune/source/templates/admin1/ui-avatars.html]
[polygons.space/neptune/source/templates/admin1/ui-badge.html]
[polygons.space/neptune/source/templates/admin1/ui-breadcrumbs.html]
[polygons.space/neptune/source/templates/admin1/ui-buttons.html]
[polygons.space/neptune/source/templates/admin1/ui-button-groups.html]
[polygons.space/neptune/source/templates/admin1/ui-collapse.html]
[polygons.space/neptune/source/templates/admin1/ui-dropdown.html]
[polygons.space/neptune/source/templates/admin1/ui-images.html]
[polygons.space/neptune/source/templates/admin1/ui-pagination.html]
[polygons.space/neptune/source/templates/admin1/ui-popovers.html]
[polygons.space/neptune/source/templates/admin1/ui-progress.html]
[polygons.space/neptune/source/templates/admin1/ui-spinners.html]
[polygons.space/neptune/source/templates/admin1/ui-toast.html]
[polygons.space/neptune/source/templates/admin1/ui-tooltips.html]
[polygons.space/neptune/source/templates/admin1/components-accordions.html]
[polygons.space/neptune/source/assets/images/avatars/avatar1.png]
[polygons.space/neptune/source/assets/plugins/blockUI/jquery.blockUI.min.js]
[polygons.space/neptune/source/assets/js/pages/blockui.js]
[polygons.space/neptune/source/templates/admin1/components-block-ui.html]
[polygons.space/neptune/source/assets/images/cards/card6.jpg]
[polygons.space/neptune/source/assets/images/cards/card5.jpg]
[polygons.space/neptune/source/assets/images/cards/card8.jpg]
[polygons.space/neptune/source/assets/images/cards/card7.jpg]
[polygons.space/neptune/source/templates/admin1/components-cards.html]
[polygons.space/neptune/source/templates/admin1/components-carousel.html]
[polygons.space/neptune/source/assets/plugins/countdown/jquery.countdown.min.js]
[polygons.space/neptune/source/assets/js/pages/countdown.js]
[polygons.space/neptune/source/templates/admin1/components-countdown.html]
[polygons.space/neptune/source/assets/images/cards/card3.jpg]
[polygons.space/neptune/source/assets/plugins/lightbox/fslightbox.js]
[polygons.space/neptune/source/assets/js/pages/lightbox.js]
[polygons.space/neptune/source/templates/admin1/components-lightbox.html]
[polygons.space/neptune/source/templates/admin1/components-lists.html]
[polygons.space/neptune/source/templates/admin1/components-modals.html]
[polygons.space/neptune/source/templates/admin1/components-tabs.html]
[polygons.space/neptune/source/assets/plugins/idle-timer/idle-timer.min.js]
[polygons.space/neptune/source/assets/js/pages/session-timeout.js]
[polygons.space/neptune/source/templates/admin1/components-session-timeout.html]
[polygons.space/neptune/source/assets/plugins/apexcharts/apexcharts.css]
[polygons.space/neptune/source/assets/images/widgets/product1.jpg]
[polygons.space/neptune/source/assets/images/widgets/product3.jpg]
[polygons.space/neptune/source/assets/images/widgets/product4.jpg]
[polygons.space/neptune/source/assets/images/widgets/blog1.jpg]
[polygons.space/neptune/source/assets/images/widgets/blog2.jpg]
[polygons.space/neptune/source/assets/images/widgets/blog3.jpg]
[polygons.space/neptune/source/assets/images/widgets/blog4.jpg]
[polygons.space/neptune/source/assets/js/pages/widgets.js]
[polygons.space/neptune/source/templates/admin1/widgets.html]
[polygons.space/neptune/source/templates/admin1/forms-basic.html]
[polygons.space/neptune/source/templates/admin1/forms-input-groups.html]
[polygons.space/neptune/source/assets/plugins/input-mask/jquery.inputmask.min.js]
[polygons.space/neptune/source/assets/js/pages/input-mask.js]
[polygons.space/neptune/source/templates/admin1/forms-input-masks.html]
[polygons.space/neptune/source/templates/admin1/forms-layouts.html]
[polygons.space/neptune/source/templates/admin1/forms-validation.html]
[polygons.space/neptune/source/assets/plugins/dropzone/min/dropzone.min.css]
[polygons.space/neptune/source/assets/plugins/dropzone/min/dropzone.min.js]
[polygons.space/neptune/source/templates/admin1/forms-file-upload.html]
[polygons.space/neptune/source/assets/js/pages/text-editor.js]
[polygons.space/neptune/source/templates/admin1/forms-text-editor.html]
[polygons.space/neptune/source/assets/plugins/flatpickr/flatpickr.min.css]
[polygons.space/neptune/source/assets/plugins/flatpickr/flatpickr.js]
[polygons.space/neptune/source/assets/js/pages/datepickers.js]
[polygons.space/neptune/source/templates/admin1/forms-datepickers.html]
[polygons.space/neptune/source/assets/js/pages/select2.js]
[polygons.space/neptune/source/templates/admin1/forms-select2.html]
[polygons.space/neptune/source/assets/js/pages/charts-apex.js]
[polygons.space/neptune/source/templates/admin1/charts-apex.html]
[polygons.space/neptune/source/assets/plugins/chartjs/chart.bundle.min.js]
[polygons.space/neptune/source/assets/js/pages/charts-chartjs.js]
[polygons.space/neptune/source/templates/admin1/charts-chartjs.html]
[polygons.space/neptune/source/templates/admin1/content-page-headings.html]
[polygons.space/neptune/source/templates/admin1/content-section-headings.html]
[polygons.space/neptune/source/templates/admin1/content-left-menu.html]
[polygons.space/neptune/source/templates/admin1/content-right-menu.html]
[polygons.space/neptune/source/templates/admin1/content-boxed-content.html]
[polygons.space/neptune/source/templates/admin1/menu-off-canvas.html]
[polygons.space/neptune/source/templates/admin1/menu-standard.html]
[polygons.space/neptune/source/templates/admin1/menu-dark-sidebar.html]
[polygons.space/neptune/source/templates/admin1/menu-hover-menu.html]
[polygons.space/neptune/source/templates/admin1/menu-colored-sidebar.html]
[polygons.space/neptune/source/templates/admin1/header-basic.html]
[polygons.space/neptune/source/templates/admin1/header-full-width.html]
[polygons.space/neptune/source/templates/admin1/header-transparent.html]
[polygons.space/neptune/source/templates/admin1/header-large.html]
[polygons.space/neptune/source/templates/admin1/header-colorful.html]
[fonts.googleapis.com/css2ceae.css]
[polygons.space/neptune/source/assets/plugins/bootstrap/css/bootstrap.min.css]
[polygons.space/neptune/source/assets/plugins/perfectscroll/perfect-scrollbar.css]
[polygons.space/neptune/source/assets/plugins/pace/pace.css]
[polygons.space/neptune/source/assets/images/other/bank_of_canada.png]
[polygons.space/neptune/source/assets/images/other/mastercard.png]
[polygons.space/neptune/source/assets/images/other/bank_of_america.png]
[polygons.space/neptune/source/assets/images/icons/google.png]
[polygons.space/neptune/source/assets/images/icons/facebook.png]
[polygons.space/neptune/source/assets/images/icons/twitter.png]
[polygons.space/neptune/source/assets/css/main.min.css]
[polygons.space/neptune/source/assets/css/custom.css]
[polygons.space/neptune/source/templates/admin1/mailbox.html]
[polygons.space/neptune/source/assets/images/widgets/security.svg]
[polygons.space/neptune/source/assets/plugins/summernote/font/summernote.eot]
[polygons.space/neptune/source/assets/plugins/summernote/font/summernote.woff2]
[polygons.space/neptune/source/assets/plugins/summernote/font/summernote.woff]
[polygons.space/neptune/source/assets/plugins/summernote/font/summernote.ttf]
[polygons.space/neptune/source/assets/plugins/summernote/summernote-lite.min.css]
[polygons.space/neptune/source/assets/plugins/highlight/styles/github-gist.css]
[polygons.space/neptune/source/assets/plugins/fullcalendar/lib/main.min.css]
[polygons.space/neptune/source/assets/plugins/select2/css/select2.min.css]
[fonts.googleapis.com/css2ceae.css]
[polygons.space/neptune/source/assets/plugins/datatables/datatables.min.css]
[polygons.space/neptune/source/assets/plugins/apexcharts/apexcharts.css]
[polygons.space/neptune/source/assets/plugins/fullcalendar/lib/main.min.js]
[polygons.space/neptune/source/assets/plugins/summernote/font/summernoted41d.eot]
[polygons.space/neptune/source/assets/plugins/chartjs/chart.bundle.min.js]
[polygons.space/neptune/source/assets/images/widgets/speed.svg]
[polygons.space/neptune/source/assets/plugins/dropzone/min/dropzone.min.css]
[polygons.space/neptune/source/assets/plugins/flatpickr/flatpickr.min.css]
[polygons.space/neptune/source/assets/images/icons/twitter.svg]
[polygons.space/neptune/source/assets/images/other/visa.svg]
[polygons.space/neptune/source/assets/images/backgrounds/sign-in.svg]
[polygons.space/neptune/source/assets/images/backgrounds/sign-up.svg]
[polygons.space/neptune/source/assets/images/backgrounds/lock-screen.svg]
[polygons.space/neptune/source/assets/images/backgrounds/error.svg]
